ERC report (2026-10-01T09:13:29, Encoding UTF8)
Report includes: Errors, Warnings

***** Sheet /
[pin_to_pin]: Pins of type Output and Power output are connected
    ; error
    @(4000 mils, 7400 mils): Symbol dsn-mini-1 Pin OUT- [OUT-, Output, Line]
    @(3300 mils, 5400 mils): Symbol #FLG02 Pin 1 [Power output, Line]
[lib_symbol_mismatch]: Symbol 'MC00100' doesn't match copy in library 'MC00100'
    ; warning
    @(2500 mils, 1500 mils): Symbol PS1 [MC00100]
[footprint_link_issues]: The current configuration does not include the footprint library 'modulsdcard'
    ; warning
    @(9400 mils, 4300 mils): Symbol J6 [Micro_SD_Card]
[net_not_bus_member]: Net /LORA_CS is graphically connected to bus /SPI_BUS{SD_CS MOSI SCK MISO SS} but is not a member of that bus
    ; warning
    @(9500 mils, 1350 mils): Bus to wire entry
    @(9400 mils, 1100 mils): Vertical Bus, length 600 mils

 ** ERC messages: 4  Errors 1  Warnings 3

 ** Ignored checks:
    - Global label only appears once in the schematic
    - Four connection points are joined together
    - SPICE model issue
    - Assigned footprint doesn't match footprint filters
